I'm sorry, but errors were detected in your script. Please correct the
errors listed below, and try again.


File "game/script.rpy", line 15: expected an indented block
    global intro_text, is_loading
     ^

Ren'Py Version: Ren'Py 8.2.1.24030407
Mon Sep 30 11:15:47 2024
